 Container crypto-trading-bot-freqtrade-run-215353a2fe35 Creating 
 Container crypto-trading-bot-freqtrade-run-215353a2fe35 Created 
2026-07-20 07:39:57,466 - freqtrade - INFO - freqtrade 2026.6
2026-07-20 07:39:57,732 - numexpr.utils - INFO - NumExpr defaulting to 8 threads.
2026-07-20 07:39:58,711 - freqtrade.configuration.load_config - INFO - Using config: user_data/config.json ...
2026-07-20 07:39:58,713 - freqtrade.loggers - INFO - Enabling colorized output.
2026-07-20 07:39:58,713 - freqtrade.loggers - INFO - Logfile configured
2026-07-20 07:39:58,713 - freqtrade.loggers - INFO - Verbosity set to 0
2026-07-20 07:39:58,714 - freqtrade.configuration.configuration - INFO - Parameter --timerange detected: 20250301-20250315 ...
2026-07-20 07:39:58,714 - freqtrade.configuration.configuration - INFO - Using exchange kraken
2026-07-20 07:39:58,734 - freqtrade.configuration.configuration - INFO - Using user-data directory: /freqtrade/user_data ...
2026-07-20 07:39:58,734 - freqtrade.configuration.configuration - INFO - Using data directory: /freqtrade/user_data/data/kraken ...
2026-07-20 07:39:58,734 - freqtrade.configuration.configuration - INFO - Using pairs ['BTC/EUR']
2026-07-20 07:39:58,734 - freqtrade.configuration.configuration - INFO - timeframes --timeframes: ['1h']
2026-07-20 07:39:58,735 - freqtrade.configuration.configuration - INFO - Detected --dl-trades: True
2026-07-20 07:39:58,735 - freqtrade.configuration.configuration - INFO - Filter trades by timerange: 20250301-20250315
2026-07-20 07:39:58,735 - freqtrade.exchange.check_exchange - INFO - Checking exchange...
2026-07-20 07:39:58,737 - freqtrade.exchange.check_exchange - INFO - Exchange "kraken" is officially supported by the Freqtrade development team.
2026-07-20 07:39:58,738 - freqtrade.configuration.config_validation - INFO - Validating configuration ...
2026-07-20 07:39:59,724 - freqtrade.exchange.exchange - INFO - Instance is running with dry_run enabled
2026-07-20 07:39:59,724 - freqtrade.exchange.exchange - INFO - Using CCXT 4.5.61
2026-07-20 07:39:59,729 - freqtrade.exchange.exchange - INFO - Using Exchange "Kraken"
2026-07-20 07:39:59,729 - freqtrade.resolvers.exchange_resolver - INFO - Using resolved exchange 'Kraken'...
2026-07-20 07:39:59,729 - freqtrade.exchange.exchange - INFO - Markets were not loaded. Loading them now..
2026-07-20 07:40:01,084 - freqtrade.data.history.history_utils - INFO - About to download pairs: ['BTC/EUR'], intervals: ['1h'] to /freqtrade/user_data/data/kraken
2026-07-20 07:40:01,125 - freqtrade.data.history.history_utils - INFO - Downloading trades for pair BTC/EUR.
2026-07-20 07:40:10,383 - freqtrade.data.history.history_utils - INFO - Using last trade date -5s - Downloading trades for BTC/EUR since: 2025-03-01T01:32:21.
2026-07-20 07:40:10,385 - freqtrade.data.history.history_utils - INFO - Current Amount of trades: 5800139
2026-07-20 08:18:51,869 - freqtrade.data.history.history_utils - INFO - New Amount of trades: 6262675
Downloading trades [BTC/EUR] ━━━━━━━━━━━━━━━━━━━━━━━━━━━━━━━━━━━━━━━━━━━━━━━━━━━━━━━━━━━━━━━━━━━━━━━━━━━━━━━━━━━━━━━━━━━━━━━━━━━━━━━━━━━━━━━━━━━━━━━━━━━━━━━━━━━━━━━━━━━━━━ 1/1 100% • 0:10:27 • 0:00:00
2026-07-20 08:18:51,903 - freqtrade.data.converter.trade_converter - INFO - About to convert pairs: 'BTC/EUR', intervals: '1h' to /freqtrade/user_data/data/kraken
