 Container crypto-trading-bot-freqtrade-run-227dba53201e Creating 
 Container crypto-trading-bot-freqtrade-run-227dba53201e Created 
2026-07-18 22:31:36,099 - freqtrade - INFO - freqtrade 2026.6
2026-07-18 22:31:36,329 - numexpr.utils - INFO - NumExpr defaulting to 8 threads.
2026-07-18 22:31:37,107 - freqtrade.configuration.load_config - INFO - Using config: user_data/config.json ...
2026-07-18 22:31:37,109 - freqtrade.loggers - INFO - Enabling colorized output.
2026-07-18 22:31:37,109 - freqtrade.loggers - INFO - Logfile configured
2026-07-18 22:31:37,109 - freqtrade.loggers - INFO - Verbosity set to 0
2026-07-18 22:31:37,109 - freqtrade.configuration.configuration - INFO - Parameter --timerange detected: 20241215-20250101 ...
2026-07-18 22:31:37,109 - freqtrade.configuration.configuration - INFO - Using exchange kraken
2026-07-18 22:31:37,120 - freqtrade.configuration.configuration - INFO - Using user-data directory: /freqtrade/user_data ...
2026-07-18 22:31:37,120 - freqtrade.configuration.configuration - INFO - Using data directory: /freqtrade/user_data/data/kraken ...
2026-07-18 22:31:37,120 - freqtrade.configuration.configuration - INFO - Using pairs ['BTC/EUR']
2026-07-18 22:31:37,120 - freqtrade.configuration.configuration - INFO - timeframes --timeframes: ['1h']
2026-07-18 22:31:37,121 - freqtrade.configuration.configuration - INFO - Detected --dl-trades: True
2026-07-18 22:31:37,121 - freqtrade.configuration.configuration - INFO - Filter trades by timerange: 20241215-20250101
2026-07-18 22:31:37,121 - freqtrade.exchange.check_exchange - INFO - Checking exchange...
2026-07-18 22:31:37,123 - freqtrade.exchange.check_exchange - INFO - Exchange "kraken" is officially supported by the Freqtrade development team.
2026-07-18 22:31:37,124 - freqtrade.configuration.config_validation - INFO - Validating configuration ...
2026-07-18 22:31:37,787 - freqtrade.exchange.exchange - INFO - Instance is running with dry_run enabled
2026-07-18 22:31:37,787 - freqtrade.exchange.exchange - INFO - Using CCXT 4.5.61
2026-07-18 22:31:37,791 - freqtrade.exchange.exchange - INFO - Using Exchange "Kraken"
2026-07-18 22:31:37,791 - freqtrade.resolvers.exchange_resolver - INFO - Using resolved exchange 'Kraken'...
2026-07-18 22:31:37,792 - freqtrade.exchange.exchange - INFO - Markets were not loaded. Loading them now..
2026-07-18 22:31:39,122 - freqtrade.data.history.history_utils - INFO - About to download pairs: ['BTC/EUR'], intervals: ['1h'] to /freqtrade/user_data/data/kraken
2026-07-18 22:31:39,134 - freqtrade.data.history.history_utils - INFO - Downloading trades for pair BTC/EUR.
2026-07-18 22:31:41,454 - freqtrade.data.history.history_utils - INFO - Using last trade date -5s - Downloading trades for BTC/EUR since: 2024-12-15T00:37:30.
2026-07-18 22:31:41,460 - freqtrade.data.history.history_utils - INFO - Current Amount of trades: 3700277
2026-07-18 22:42:53,442 - freqtrade.data.history.history_utils - INFO - New Amount of trades: 4208768
Downloading trades [BTC/EUR] ━━━━━━━━━━━━━━━━━━━━━━━━━━━━━━━━━━━━━━━━━━━━━━━━━━━━━━━━━━━━━━━━━━━━━━━━━━━━━━━━━━━━━━━━━━━━━━━━━━━━━━━━━━━━━━━━━━━━━━━━━━━━━━━━━━━━━━━━━━━━━━ 1/1 100% • 0:11:14 • 0:00:00
2026-07-18 22:42:53,491 - freqtrade.data.converter.trade_converter - INFO - About to convert pairs: 'BTC/EUR', intervals: '1h' to /freqtrade/user_data/data/kraken
