 Container crypto-trading-bot-freqtrade-run-4bca58999c15 Creating 
 Container crypto-trading-bot-freqtrade-run-4bca58999c15 Created 
2026-07-19 20:21:42,803 - freqtrade - INFO - freqtrade 2026.6
2026-07-19 20:21:45,509 - numexpr.utils - INFO - NumExpr defaulting to 8 threads.
2026-07-19 20:21:48,135 - freqtrade.configuration.load_config - INFO - Using config: user_data/config.json ...
2026-07-19 20:21:48,140 - freqtrade.loggers - INFO - Enabling colorized output.
2026-07-19 20:21:48,140 - freqtrade.loggers - INFO - Logfile configured
2026-07-19 20:21:48,141 - freqtrade.loggers - INFO - Verbosity set to 0
2026-07-19 20:21:48,141 - freqtrade.configuration.configuration - INFO - Parameter --timerange detected: 20250215-20250301 ...
2026-07-19 20:21:48,142 - freqtrade.configuration.configuration - INFO - Using exchange kraken
2026-07-19 20:21:48,173 - freqtrade.configuration.configuration - INFO - Using user-data directory: /freqtrade/user_data ...
2026-07-19 20:21:48,173 - freqtrade.configuration.configuration - INFO - Using data directory: /freqtrade/user_data/data/kraken ...
2026-07-19 20:21:48,174 - freqtrade.configuration.configuration - INFO - Using pairs ['BTC/EUR']
2026-07-19 20:21:48,175 - freqtrade.configuration.configuration - INFO - timeframes --timeframes: ['1h']
2026-07-19 20:21:48,175 - freqtrade.configuration.configuration - INFO - Detected --dl-trades: True
2026-07-19 20:21:48,175 - freqtrade.configuration.configuration - INFO - Filter trades by timerange: 20250215-20250301
2026-07-19 20:21:48,177 - freqtrade.exchange.check_exchange - INFO - Checking exchange...
2026-07-19 20:21:48,183 - freqtrade.exchange.check_exchange - INFO - Exchange "kraken" is officially supported by the Freqtrade development team.
2026-07-19 20:21:48,183 - freqtrade.configuration.config_validation - INFO - Validating configuration ...
2026-07-19 20:21:51,023 - freqtrade.exchange.exchange - INFO - Instance is running with dry_run enabled
2026-07-19 20:21:51,028 - freqtrade.exchange.exchange - INFO - Using CCXT 4.5.61
2026-07-19 20:21:51,044 - freqtrade.exchange.exchange - INFO - Using Exchange "Kraken"
2026-07-19 20:21:51,045 - freqtrade.resolvers.exchange_resolver - INFO - Using resolved exchange 'Kraken'...
2026-07-19 20:21:51,047 - freqtrade.exchange.exchange - INFO - Markets were not loaded. Loading them now..
2026-07-19 20:21:52,509 - freqtrade.data.history.history_utils - INFO - About to download pairs: ['BTC/EUR'], intervals: ['1h'] to /freqtrade/user_data/data/kraken
2026-07-19 20:21:52,616 - freqtrade.data.history.history_utils - INFO - Downloading trades for pair BTC/EUR.
2026-07-19 20:22:02,902 - freqtrade.data.history.history_utils - INFO - Using last trade date -5s - Downloading trades for BTC/EUR since: 2025-02-15T00:24:21.
2026-07-19 20:22:02,905 - freqtrade.data.history.history_utils - INFO - Current Amount of trades: 5381558
2026-07-19 20:31:25,103 - freqtrade.data.history.history_utils - INFO - New Amount of trades: 5800139
Downloading trades [BTC/EUR] ━━━━━━━━━━━━━━━━━━━━━━━━━━━━━━━━━━━━━━━━━━━━━━━━━━━━━━━━━━━━━━━━━━━━━━━━━━━━━━━━━━━━━━━━━━━━━━━━━━━━━━━━━━━━━━━━━━━━━━━━━━━━━━━━━━━━━━━━━━━━━━ 1/1 100% • 0:09:32 • 0:00:00
2026-07-19 20:31:25,265 - freqtrade.data.converter.trade_converter - INFO - About to convert pairs: 'BTC/EUR', intervals: '1h' to /freqtrade/user_data/data/kraken
