 Container crypto-trading-bot-freqtrade-run-4db7322db0e9 Creating 
 Container crypto-trading-bot-freqtrade-run-4db7322db0e9 Created 
2026-07-18 19:01:04,751 - freqtrade - INFO - freqtrade 2026.6
2026-07-18 19:01:05,002 - numexpr.utils - INFO - NumExpr defaulting to 8 threads.
2026-07-18 19:01:05,636 - freqtrade.configuration.load_config - INFO - Using config: user_data/config.json ...
2026-07-18 19:01:05,638 - freqtrade.loggers - INFO - Enabling colorized output.
2026-07-18 19:01:05,638 - freqtrade.loggers - INFO - Logfile configured
2026-07-18 19:01:05,638 - freqtrade.loggers - INFO - Verbosity set to 0
2026-07-18 19:01:05,638 - freqtrade.configuration.configuration - INFO - Parameter --timerange detected: 20241001-20241015 ...
2026-07-18 19:01:05,638 - freqtrade.configuration.configuration - INFO - Using exchange kraken
2026-07-18 19:01:05,653 - freqtrade.configuration.configuration - INFO - Using user-data directory: /freqtrade/user_data ...
2026-07-18 19:01:05,653 - freqtrade.configuration.configuration - INFO - Using data directory: /freqtrade/user_data/data/kraken ...
2026-07-18 19:01:05,654 - freqtrade.configuration.configuration - INFO - Using pairs ['BTC/EUR']
2026-07-18 19:01:05,654 - freqtrade.configuration.configuration - INFO - timeframes --timeframes: ['1h']
2026-07-18 19:01:05,654 - freqtrade.configuration.configuration - INFO - Detected --dl-trades: True
2026-07-18 19:01:05,654 - freqtrade.configuration.configuration - INFO - Filter trades by timerange: 20241001-20241015
2026-07-18 19:01:05,655 - freqtrade.exchange.check_exchange - INFO - Checking exchange...
2026-07-18 19:01:05,657 - freqtrade.exchange.check_exchange - INFO - Exchange "kraken" is officially supported by the Freqtrade development team.
2026-07-18 19:01:05,657 - freqtrade.configuration.config_validation - INFO - Validating configuration ...
2026-07-18 19:01:06,105 - freqtrade.exchange.exchange - INFO - Instance is running with dry_run enabled
2026-07-18 19:01:06,106 - freqtrade.exchange.exchange - INFO - Using CCXT 4.5.61
2026-07-18 19:01:06,110 - freqtrade.exchange.exchange - INFO - Using Exchange "Kraken"
2026-07-18 19:01:06,110 - freqtrade.resolvers.exchange_resolver - INFO - Using resolved exchange 'Kraken'...
2026-07-18 19:01:06,110 - freqtrade.exchange.exchange - INFO - Markets were not loaded. Loading them now..
2026-07-18 19:01:07,331 - freqtrade.data.history.history_utils - INFO - About to download pairs: ['BTC/EUR'], intervals: ['1h'] to /freqtrade/user_data/data/kraken
2026-07-18 19:01:07,349 - freqtrade.data.history.history_utils - INFO - Downloading trades for pair BTC/EUR.
2026-07-18 19:01:07,924 - freqtrade.data.history.history_utils - INFO - Using last trade date -5s - Downloading trades for BTC/EUR since: 2024-10-01T01:06:18.
2026-07-18 19:01:07,925 - freqtrade.data.history.history_utils - INFO - Current Amount of trades: 1462536
2026-07-18 19:06:52,902 - freqtrade.data.history.history_utils - INFO - New Amount of trades: 1724274
Downloading trades [BTC/EUR] ━━━━━━━━━━━━━━━━━━━━━━━━━━━━━━━━━━━━━━━━━━━━━━━━━━━━━━━━━━━━━━━━━━━━━━━━━━━━━━━━━━━━━━━━━━━━━━━━━━━━━━━━━━━━━━━━━━━━━━━━━━━━━━━━━━━━━━━━━━━━━━ 1/1 100% • 0:05:45 • 0:00:00
2026-07-18 19:06:52,909 - freqtrade.data.converter.trade_converter - INFO - About to convert pairs: 'BTC/EUR', intervals: '1h' to /freqtrade/user_data/data/kraken
