 Container crypto-trading-bot-freqtrade-run-76ce0aed5e97 Creating 
 Container crypto-trading-bot-freqtrade-run-76ce0aed5e97 Created 
2026-07-18 22:07:50,410 - freqtrade - INFO - freqtrade 2026.6
2026-07-18 22:07:50,665 - numexpr.utils - INFO - NumExpr defaulting to 8 threads.
2026-07-18 22:07:51,377 - freqtrade.configuration.load_config - INFO - Using config: user_data/config.json ...
2026-07-18 22:07:51,379 - freqtrade.loggers - INFO - Enabling colorized output.
2026-07-18 22:07:51,380 - freqtrade.loggers - INFO - Logfile configured
2026-07-18 22:07:51,380 - freqtrade.loggers - INFO - Verbosity set to 0
2026-07-18 22:07:51,380 - freqtrade.configuration.configuration - INFO - Parameter --timerange detected: 20241201-20241215 ...
2026-07-18 22:07:51,380 - freqtrade.configuration.configuration - INFO - Using exchange kraken
2026-07-18 22:07:51,397 - freqtrade.configuration.configuration - INFO - Using user-data directory: /freqtrade/user_data ...
2026-07-18 22:07:51,398 - freqtrade.configuration.configuration - INFO - Using data directory: /freqtrade/user_data/data/kraken ...
2026-07-18 22:07:51,398 - freqtrade.configuration.configuration - INFO - Using pairs ['BTC/EUR']
2026-07-18 22:07:51,398 - freqtrade.configuration.configuration - INFO - timeframes --timeframes: ['1h']
2026-07-18 22:07:51,398 - freqtrade.configuration.configuration - INFO - Detected --dl-trades: True
2026-07-18 22:07:51,398 - freqtrade.configuration.configuration - INFO - Filter trades by timerange: 20241201-20241215
2026-07-18 22:07:51,399 - freqtrade.exchange.check_exchange - INFO - Checking exchange...
2026-07-18 22:07:51,401 - freqtrade.exchange.check_exchange - INFO - Exchange "kraken" is officially supported by the Freqtrade development team.
2026-07-18 22:07:51,401 - freqtrade.configuration.config_validation - INFO - Validating configuration ...
2026-07-18 22:07:52,028 - freqtrade.exchange.exchange - INFO - Instance is running with dry_run enabled
2026-07-18 22:07:52,029 - freqtrade.exchange.exchange - INFO - Using CCXT 4.5.61
2026-07-18 22:07:52,032 - freqtrade.exchange.exchange - INFO - Using Exchange "Kraken"
2026-07-18 22:07:52,032 - freqtrade.resolvers.exchange_resolver - INFO - Using resolved exchange 'Kraken'...
2026-07-18 22:07:52,033 - freqtrade.exchange.exchange - INFO - Markets were not loaded. Loading them now..
2026-07-18 22:07:53,304 - freqtrade.data.history.history_utils - INFO - About to download pairs: ['BTC/EUR'], intervals: ['1h'] to /freqtrade/user_data/data/kraken
2026-07-18 22:07:53,323 - freqtrade.data.history.history_utils - INFO - Downloading trades for pair BTC/EUR.
2026-07-18 22:07:55,980 - freqtrade.data.history.history_utils - INFO - Using last trade date -5s - Downloading trades for BTC/EUR since: 2024-12-01T00:38:12.
2026-07-18 22:07:55,981 - freqtrade.data.history.history_utils - INFO - Current Amount of trades: 3227752
2026-07-18 22:18:27,179 - freqtrade.data.history.history_utils - INFO - New Amount of trades: 3700277
Downloading trades [BTC/EUR] ━━━━━━━━━━━━━━━━━━━━━━━━━━━━━━━━━━━━━━━━━━━━━━━━━━━━━━━━━━━━━━━━━━━━━━━━━━━━━━━━━━━━━━━━━━━━━━━━━━━━━━━━━━━━━━━━━━━━━━━━━━━━━━━━━━━━━━━━━━━━━━ 1/1 100% • 0:10:33 • 0:00:00
2026-07-18 22:18:27,222 - freqtrade.data.converter.trade_converter - INFO - About to convert pairs: 'BTC/EUR', intervals: '1h' to /freqtrade/user_data/data/kraken
