 Container crypto-trading-bot-freqtrade-run-33b46dbc70cb Creating 
 Container crypto-trading-bot-freqtrade-run-33b46dbc70cb Created 
2026-07-18 20:08:58,499 - freqtrade - INFO - freqtrade 2026.6
2026-07-18 20:08:58,733 - numexpr.utils - INFO - NumExpr defaulting to 8 threads.
2026-07-18 20:08:59,390 - freqtrade.configuration.load_config - INFO - Using config: user_data/config.json ...
2026-07-18 20:08:59,392 - freqtrade.loggers - INFO - Enabling colorized output.
2026-07-18 20:08:59,392 - freqtrade.loggers - INFO - Logfile configured
2026-07-18 20:08:59,392 - freqtrade.loggers - INFO - Verbosity set to 0
2026-07-18 20:08:59,392 - freqtrade.configuration.configuration - INFO - Parameter --timerange detected: 20241101-20241115 ...
2026-07-18 20:08:59,392 - freqtrade.configuration.configuration - INFO - Using exchange kraken
2026-07-18 20:08:59,407 - freqtrade.configuration.configuration - INFO - Using user-data directory: /freqtrade/user_data ...
2026-07-18 20:08:59,407 - freqtrade.configuration.configuration - INFO - Using data directory: /freqtrade/user_data/data/kraken ...
2026-07-18 20:08:59,407 - freqtrade.configuration.configuration - INFO - Using pairs ['BTC/EUR']
2026-07-18 20:08:59,408 - freqtrade.configuration.configuration - INFO - timeframes --timeframes: ['1h']
2026-07-18 20:08:59,408 - freqtrade.configuration.configuration - INFO - Detected --dl-trades: True
2026-07-18 20:08:59,408 - freqtrade.configuration.configuration - INFO - Filter trades by timerange: 20241101-20241115
2026-07-18 20:08:59,409 - freqtrade.exchange.check_exchange - INFO - Checking exchange...
2026-07-18 20:08:59,411 - freqtrade.exchange.check_exchange - INFO - Exchange "kraken" is officially supported by the Freqtrade development team.
2026-07-18 20:08:59,411 - freqtrade.configuration.config_validation - INFO - Validating configuration ...
2026-07-18 20:09:00,130 - freqtrade.exchange.exchange - INFO - Instance is running with dry_run enabled
2026-07-18 20:09:00,131 - freqtrade.exchange.exchange - INFO - Using CCXT 4.5.61
2026-07-18 20:09:00,134 - freqtrade.exchange.exchange - INFO - Using Exchange "Kraken"
2026-07-18 20:09:00,135 - freqtrade.resolvers.exchange_resolver - INFO - Using resolved exchange 'Kraken'...
2026-07-18 20:09:00,135 - freqtrade.exchange.exchange - INFO - Markets were not loaded. Loading them now..
2026-07-18 20:09:01,349 - freqtrade.data.history.history_utils - INFO - About to download pairs: ['BTC/EUR'], intervals: ['1h'] to /freqtrade/user_data/data/kraken
2026-07-18 20:09:01,380 - freqtrade.data.history.history_utils - INFO - Downloading trades for pair BTC/EUR.
2026-07-18 20:09:02,583 - freqtrade.data.history.history_utils - INFO - Using last trade date -5s - Downloading trades for BTC/EUR since: 2024-11-01T00:11:52.
2026-07-18 20:09:02,584 - freqtrade.data.history.history_utils - INFO - Current Amount of trades: 2101893
2026-07-18 20:21:19,189 - freqtrade.data.history.history_utils - INFO - New Amount of trades: 2661332
Downloading trades [BTC/EUR] ━━━━━━━━━━━━━━━━━━━━━━━━━━━━━━━━━━━━━━━━━━━━━━━━━━━━━━━━━━━━━━━━━━━━━━━━━━━━━━━━━━━━━━━━━━━━━━━━━━━━━━━━━━━━━━━━━━━━━━━━━━━━━━━━━━━━━━━━━━━━━━ 1/1 100% • 0:12:17 • 0:00:00
2026-07-18 20:21:19,196 - freqtrade.data.converter.trade_converter - INFO - About to convert pairs: 'BTC/EUR', intervals: '1h' to /freqtrade/user_data/data/kraken
