 Container crypto-trading-bot-freqtrade-run-7f8039464d4f Creating 
 Container crypto-trading-bot-freqtrade-run-7f8039464d4f Created 
2026-07-19 02:04:46,828 - freqtrade - INFO - freqtrade 2026.6
2026-07-19 02:04:47,038 - numexpr.utils - INFO - NumExpr defaulting to 8 threads.
2026-07-19 02:04:47,759 - freqtrade.configuration.load_config - INFO - Using config: user_data/config.json ...
2026-07-19 02:04:47,760 - freqtrade.loggers - INFO - Enabling colorized output.
2026-07-19 02:04:47,761 - freqtrade.loggers - INFO - Logfile configured
2026-07-19 02:04:47,761 - freqtrade.loggers - INFO - Verbosity set to 0
2026-07-19 02:04:47,761 - freqtrade.configuration.configuration - INFO - Parameter --timerange detected: 20250115-20250201 ...
2026-07-19 02:04:47,761 - freqtrade.configuration.configuration - INFO - Using exchange kraken
2026-07-19 02:04:47,778 - freqtrade.configuration.configuration - INFO - Using user-data directory: /freqtrade/user_data ...
2026-07-19 02:04:47,779 - freqtrade.configuration.configuration - INFO - Using data directory: /freqtrade/user_data/data/kraken ...
2026-07-19 02:04:47,779 - freqtrade.configuration.configuration - INFO - Using pairs ['BTC/EUR']
2026-07-19 02:04:47,779 - freqtrade.configuration.configuration - INFO - timeframes --timeframes: ['1h']
2026-07-19 02:04:47,779 - freqtrade.configuration.configuration - INFO - Detected --dl-trades: True
2026-07-19 02:04:47,780 - freqtrade.configuration.configuration - INFO - Filter trades by timerange: 20250115-20250201
2026-07-19 02:04:47,780 - freqtrade.exchange.check_exchange - INFO - Checking exchange...
2026-07-19 02:04:47,783 - freqtrade.exchange.check_exchange - INFO - Exchange "kraken" is officially supported by the Freqtrade development team.
2026-07-19 02:04:47,783 - freqtrade.configuration.config_validation - INFO - Validating configuration ...
2026-07-19 02:04:48,439 - freqtrade.exchange.exchange - INFO - Instance is running with dry_run enabled
2026-07-19 02:04:48,439 - freqtrade.exchange.exchange - INFO - Using CCXT 4.5.61
2026-07-19 02:04:48,443 - freqtrade.exchange.exchange - INFO - Using Exchange "Kraken"
2026-07-19 02:04:48,443 - freqtrade.resolvers.exchange_resolver - INFO - Using resolved exchange 'Kraken'...
2026-07-19 02:04:48,443 - freqtrade.exchange.exchange - INFO - Markets were not loaded. Loading them now..
2026-07-19 02:04:49,699 - freqtrade.data.history.history_utils - INFO - About to download pairs: ['BTC/EUR'], intervals: ['1h'] to /freqtrade/user_data/data/kraken
2026-07-19 02:04:49,718 - freqtrade.data.history.history_utils - INFO - Downloading trades for pair BTC/EUR.
2026-07-19 02:04:54,735 - freqtrade.data.history.history_utils - INFO - Using last trade date -5s - Downloading trades for BTC/EUR since: 2025-01-15T01:55:58.
2026-07-19 02:04:54,744 - freqtrade.data.history.history_utils - INFO - Current Amount of trades: 4534442
2026-07-19 03:13:03,399 - freqtrade.exchange.common - WARNING - _async_fetch_trades() returned exception: "Could not load trade history due to RequestTimeout. Message: kraken GET 
https://api.kraken.com/0/public/Trades?pair=XXBTZEUR&count=1000&since=1737978078754517085". Retrying still for 4 times.
2026-07-19 04:25:51,831 - freqtrade.data.history.history_utils - INFO - New Amount of trades: 5020921
Downloading trades [BTC/EUR] ━━━━━━━━━━━━━━━━━━━━━━━━━━━━━━━━━━━━━━━━━━━━━━━━━━━━━━━━━━━━━━━━━━━━━━━━━━━━━━━━━━━━━━━━━━━━━━━━━━━━━━━━━━━━━━━━━━━━━━━━━━━━━━━━━━━━━━━━━━━━━━ 1/1 100% • 0:10:47 • 0:00:00
2026-07-19 04:25:51,875 - freqtrade.data.converter.trade_converter - INFO - About to convert pairs: 'BTC/EUR', intervals: '1h' to /freqtrade/user_data/data/kraken
