 Container crypto-trading-bot-freqtrade-run-b5d6e1438f0d Creating 
 Container crypto-trading-bot-freqtrade-run-b5d6e1438f0d Created 
2026-07-20 15:38:06,260 - freqtrade - INFO - freqtrade 2026.6
2026-07-20 15:38:06,481 - numexpr.utils - INFO - NumExpr defaulting to 8 threads.
2026-07-20 15:38:07,283 - freqtrade.configuration.load_config - INFO - Using config: user_data/config.json ...
2026-07-20 15:38:07,285 - freqtrade.loggers - INFO - Enabling colorized output.
2026-07-20 15:38:07,286 - freqtrade.loggers - INFO - Logfile configured
2026-07-20 15:38:07,286 - freqtrade.loggers - INFO - Verbosity set to 0
2026-07-20 15:38:07,286 - freqtrade.configuration.configuration - INFO - Parameter --timerange detected: 20250401-20250415 ...
2026-07-20 15:38:07,286 - freqtrade.configuration.configuration - INFO - Using exchange kraken
2026-07-20 15:38:07,311 - freqtrade.configuration.configuration - INFO - Using user-data directory: /freqtrade/user_data ...
2026-07-20 15:38:07,311 - freqtrade.configuration.configuration - INFO - Using data directory: /freqtrade/user_data/data/kraken ...
2026-07-20 15:38:07,311 - freqtrade.configuration.configuration - INFO - Using pairs ['BTC/EUR']
2026-07-20 15:38:07,311 - freqtrade.configuration.configuration - INFO - timeframes --timeframes: ['1h']
2026-07-20 15:38:07,312 - freqtrade.configuration.configuration - INFO - Detected --dl-trades: True
2026-07-20 15:38:07,312 - freqtrade.configuration.configuration - INFO - Filter trades by timerange: 20250401-20250415
2026-07-20 15:38:07,313 - freqtrade.exchange.check_exchange - INFO - Checking exchange...
2026-07-20 15:38:07,315 - freqtrade.exchange.check_exchange - INFO - Exchange "kraken" is officially supported by the Freqtrade development team.
2026-07-20 15:38:07,315 - freqtrade.configuration.config_validation - INFO - Validating configuration ...
2026-07-20 15:38:08,222 - freqtrade.exchange.exchange - INFO - Instance is running with dry_run enabled
2026-07-20 15:38:08,223 - freqtrade.exchange.exchange - INFO - Using CCXT 4.5.61
2026-07-20 15:38:08,228 - freqtrade.exchange.exchange - INFO - Using Exchange "Kraken"
2026-07-20 15:38:08,228 - freqtrade.resolvers.exchange_resolver - INFO - Using resolved exchange 'Kraken'...
2026-07-20 15:38:08,229 - freqtrade.exchange.exchange - INFO - Markets were not loaded. Loading them now..
2026-07-20 15:38:09,533 - freqtrade.data.history.history_utils - INFO - About to download pairs: ['BTC/EUR'], intervals: ['1h'] to /freqtrade/user_data/data/kraken
2026-07-20 15:38:09,567 - freqtrade.data.history.history_utils - INFO - Downloading trades for pair BTC/EUR.
2026-07-20 15:38:17,427 - freqtrade.data.history.history_utils - INFO - Using last trade date -5s - Downloading trades for BTC/EUR since: 2025-04-01T01:25:33.
2026-07-20 15:38:17,429 - freqtrade.data.history.history_utils - INFO - Current Amount of trades: 6591344
2026-07-20 17:07:20,665 - freqtrade.data.history.history_utils - INFO - New Amount of trades: 6953958
Downloading trades [BTC/EUR] ━━━━━━━━━━━━━━━━━━━━━━━━━━━━━━━━━━━━━━━━━━━━━━━━━━━━━━━━━━━━━━━━━━━━━━━━━━━━━━━━━━━━━━━━━━━━━━━━━━━━━━━━━━━━━━━━━━━━━━━━━━━━━━━━━━━━━━━━━━━━━━ 1/1 100% • 0:08:18 • 0:00:00
2026-07-20 17:07:20,692 - freqtrade.data.converter.trade_converter - INFO - About to convert pairs: 'BTC/EUR', intervals: '1h' to /freqtrade/user_data/data/kraken
