 Container crypto-trading-bot-freqtrade-run-cd774298c856 Creating 
 Container crypto-trading-bot-freqtrade-run-cd774298c856 Created 
2026-07-20 21:01:06,862 - freqtrade - INFO - freqtrade 2026.6
2026-07-20 21:01:07,146 - numexpr.utils - INFO - NumExpr defaulting to 8 threads.
2026-07-20 21:01:07,992 - freqtrade.configuration.load_config - INFO - Using config: user_data/config.json ...
2026-07-20 21:01:07,994 - freqtrade.loggers - INFO - Enabling colorized output.
2026-07-20 21:01:07,994 - freqtrade.loggers - INFO - Logfile configured
2026-07-20 21:01:07,994 - freqtrade.loggers - INFO - Verbosity set to 0
2026-07-20 21:01:07,995 - freqtrade.configuration.configuration - INFO - Parameter --timerange detected: 20250415-20250501 ...
2026-07-20 21:01:07,995 - freqtrade.configuration.configuration - INFO - Using exchange kraken
2026-07-20 21:01:08,028 - freqtrade.configuration.configuration - INFO - Using user-data directory: /freqtrade/user_data ...
2026-07-20 21:01:08,028 - freqtrade.configuration.configuration - INFO - Using data directory: /freqtrade/user_data/data/kraken ...
2026-07-20 21:01:08,028 - freqtrade.configuration.configuration - INFO - Using pairs ['BTC/EUR']
2026-07-20 21:01:08,029 - freqtrade.configuration.configuration - INFO - timeframes --timeframes: ['1h']
2026-07-20 21:01:08,029 - freqtrade.configuration.configuration - INFO - Detected --dl-trades: True
2026-07-20 21:01:08,029 - freqtrade.configuration.configuration - INFO - Filter trades by timerange: 20250415-20250501
2026-07-20 21:01:08,029 - freqtrade.exchange.check_exchange - INFO - Checking exchange...
2026-07-20 21:01:08,031 - freqtrade.exchange.check_exchange - INFO - Exchange "kraken" is officially supported by the Freqtrade development team.
2026-07-20 21:01:08,032 - freqtrade.configuration.config_validation - INFO - Validating configuration ...
2026-07-20 21:01:09,261 - freqtrade.exchange.exchange - INFO - Instance is running with dry_run enabled
2026-07-20 21:01:09,262 - freqtrade.exchange.exchange - INFO - Using CCXT 4.5.61
2026-07-20 21:01:09,267 - freqtrade.exchange.exchange - INFO - Using Exchange "Kraken"
2026-07-20 21:01:09,268 - freqtrade.resolvers.exchange_resolver - INFO - Using resolved exchange 'Kraken'...
2026-07-20 21:01:09,268 - freqtrade.exchange.exchange - INFO - Markets were not loaded. Loading them now..
2026-07-20 21:01:10,668 - freqtrade.data.history.history_utils - INFO - About to download pairs: ['BTC/EUR'], intervals: ['1h'] to /freqtrade/user_data/data/kraken
2026-07-20 21:01:10,698 - freqtrade.data.history.history_utils - INFO - Downloading trades for pair BTC/EUR.
2026-07-20 21:01:20,371 - freqtrade.data.history.history_utils - INFO - Using last trade date -5s - Downloading trades for BTC/EUR since: 2025-04-15T00:14:05.
2026-07-20 21:01:20,375 - freqtrade.data.history.history_utils - INFO - Current Amount of trades: 6953958
