 Container crypto-trading-bot-freqtrade-run-c49f2568ae44 Creating 
 Container crypto-trading-bot-freqtrade-run-c49f2568ae44 Created 
2026-07-18 18:53:40,353 - freqtrade - INFO - freqtrade 2026.6
2026-07-18 18:53:40,620 - numexpr.utils - INFO - NumExpr defaulting to 8 threads.
2026-07-18 18:53:41,339 - freqtrade.configuration.load_config - INFO - Using config: user_data/config.json ...
2026-07-18 18:53:41,340 - freqtrade.loggers - INFO - Enabling colorized output.
2026-07-18 18:53:41,341 - freqtrade.loggers - INFO - Logfile configured
2026-07-18 18:53:41,341 - freqtrade.loggers - INFO - Verbosity set to 0
2026-07-18 18:53:41,341 - freqtrade.configuration.configuration - INFO - Parameter --timerange detected: 20240915-20241001 ...
2026-07-18 18:53:41,341 - freqtrade.configuration.configuration - INFO - Using exchange kraken
2026-07-18 18:53:41,359 - freqtrade.configuration.configuration - INFO - Using user-data directory: /freqtrade/user_data ...
2026-07-18 18:53:41,360 - freqtrade.configuration.configuration - INFO - Using data directory: /freqtrade/user_data/data/kraken ...
2026-07-18 18:53:41,360 - freqtrade.configuration.configuration - INFO - Using pairs ['BTC/EUR']
2026-07-18 18:53:41,360 - freqtrade.configuration.configuration - INFO - timeframes --timeframes: ['1h']
2026-07-18 18:53:41,360 - freqtrade.configuration.configuration - INFO - Detected --dl-trades: True
2026-07-18 18:53:41,361 - freqtrade.configuration.configuration - INFO - Filter trades by timerange: 20240915-20241001
2026-07-18 18:53:41,361 - freqtrade.exchange.check_exchange - INFO - Checking exchange...
2026-07-18 18:53:41,365 - freqtrade.exchange.check_exchange - INFO - Exchange "kraken" is officially supported by the Freqtrade development team.
2026-07-18 18:53:41,365 - freqtrade.configuration.config_validation - INFO - Validating configuration ...
2026-07-18 18:53:42,051 - freqtrade.exchange.exchange - INFO - Instance is running with dry_run enabled
2026-07-18 18:53:42,051 - freqtrade.exchange.exchange - INFO - Using CCXT 4.5.61
2026-07-18 18:53:42,055 - freqtrade.exchange.exchange - INFO - Using Exchange "Kraken"
2026-07-18 18:53:42,055 - freqtrade.resolvers.exchange_resolver - INFO - Using resolved exchange 'Kraken'...
2026-07-18 18:53:42,055 - freqtrade.exchange.exchange - INFO - Markets were not loaded. Loading them now..
2026-07-18 18:53:43,322 - freqtrade.data.history.history_utils - INFO - About to download pairs: ['BTC/EUR'], intervals: ['1h'] to /freqtrade/user_data/data/kraken
2026-07-18 18:53:43,339 - freqtrade.data.history.history_utils - INFO - Downloading trades for pair BTC/EUR.
2026-07-18 18:53:44,330 - freqtrade.data.history.history_utils - INFO - Using last trade date -5s - Downloading trades for BTC/EUR since: 2024-09-15T03:45:26.
2026-07-18 18:53:44,332 - freqtrade.data.history.history_utils - INFO - Current Amount of trades: 1195803
2026-07-18 18:59:36,198 - freqtrade.data.history.history_utils - INFO - New Amount of trades: 1462536
Downloading trades [BTC/EUR] ━━━━━━━━━━━━━━━━━━━━━━━━━━━━━━━━━━━━━━━━━━━━━━━━━━━━━━━━━━━━━━━━━━━━━━━━━━━━━━━━━━━━━━━━━━━━━━━━━━━━━━━━━━━━━━━━━━━━━━━━━━━━━━━━━━━━━━━━━━━━━━ 1/1 100% • 0:05:52 • 0:00:00
2026-07-18 18:59:36,205 - freqtrade.data.converter.trade_converter - INFO - About to convert pairs: 'BTC/EUR', intervals: '1h' to /freqtrade/user_data/data/kraken
