 Container crypto-trading-bot-freqtrade-run-9fbed0172a5c Creating 
 Container crypto-trading-bot-freqtrade-run-9fbed0172a5c Created 
2026-07-18 19:08:17,188 - freqtrade - INFO - freqtrade 2026.6
2026-07-18 19:08:17,436 - numexpr.utils - INFO - NumExpr defaulting to 8 threads.
2026-07-18 19:08:18,138 - freqtrade.configuration.load_config - INFO - Using config: user_data/config.json ...
2026-07-18 19:08:18,140 - freqtrade.loggers - INFO - Enabling colorized output.
2026-07-18 19:08:18,140 - freqtrade.loggers - INFO - Logfile configured
2026-07-18 19:08:18,140 - freqtrade.loggers - INFO - Verbosity set to 0
2026-07-18 19:08:18,141 - freqtrade.configuration.configuration - INFO - Parameter --timerange detected: 20241015-20241101 ...
2026-07-18 19:08:18,141 - freqtrade.configuration.configuration - INFO - Using exchange kraken
2026-07-18 19:08:18,152 - freqtrade.configuration.configuration - INFO - Using user-data directory: /freqtrade/user_data ...
2026-07-18 19:08:18,152 - freqtrade.configuration.configuration - INFO - Using data directory: /freqtrade/user_data/data/kraken ...
2026-07-18 19:08:18,153 - freqtrade.configuration.configuration - INFO - Using pairs ['BTC/EUR']
2026-07-18 19:08:18,153 - freqtrade.configuration.configuration - INFO - timeframes --timeframes: ['1h']
2026-07-18 19:08:18,153 - freqtrade.configuration.configuration - INFO - Detected --dl-trades: True
2026-07-18 19:08:18,153 - freqtrade.configuration.configuration - INFO - Filter trades by timerange: 20241015-20241101
2026-07-18 19:08:18,154 - freqtrade.exchange.check_exchange - INFO - Checking exchange...
2026-07-18 19:08:18,156 - freqtrade.exchange.check_exchange - INFO - Exchange "kraken" is officially supported by the Freqtrade development team.
2026-07-18 19:08:18,156 - freqtrade.configuration.config_validation - INFO - Validating configuration ...
2026-07-18 19:08:18,507 - freqtrade.exchange.exchange - INFO - Instance is running with dry_run enabled
2026-07-18 19:08:18,508 - freqtrade.exchange.exchange - INFO - Using CCXT 4.5.61
2026-07-18 19:08:18,512 - freqtrade.exchange.exchange - INFO - Using Exchange "Kraken"
2026-07-18 19:08:18,512 - freqtrade.resolvers.exchange_resolver - INFO - Using resolved exchange 'Kraken'...
2026-07-18 19:08:18,513 - freqtrade.exchange.exchange - INFO - Markets were not loaded. Loading them now..
2026-07-18 19:08:19,708 - freqtrade.data.history.history_utils - INFO - About to download pairs: ['BTC/EUR'], intervals: ['1h'] to /freqtrade/user_data/data/kraken
2026-07-18 19:08:19,731 - freqtrade.data.history.history_utils - INFO - Downloading trades for pair BTC/EUR.
2026-07-18 19:08:20,455 - freqtrade.data.history.history_utils - INFO - Using last trade date -5s - Downloading trades for BTC/EUR since: 2024-10-15T01:13:59.
2026-07-18 19:08:20,458 - freqtrade.data.history.history_utils - INFO - Current Amount of trades: 1724274
2026-07-18 19:31:32,489 - freqtrade.data.history.history_utils - INFO - New Amount of trades: 2101893
Downloading trades [BTC/EUR] ━━━━━━━━━━━━━━━━━━━━━━━━━━━━━━━━━━━━━━━━━━━━━━━━━━━━━━━━━━━━━━━━━━━━━━━━━━━━━━━━━━━━━━━━━━━━━━━━━━━━━━━━━━━━━━━━━━━━━━━━━━━━━━━━━━━━━━━━━━━━━━ 1/1 100% • 0:08:13 • 0:00:00
2026-07-18 19:31:32,497 - freqtrade.data.converter.trade_converter - INFO - About to convert pairs: 'BTC/EUR', intervals: '1h' to /freqtrade/user_data/data/kraken
